
R version 3.0.2 (2013-09-25) -- "Frisbee Sailing"
Copyright (C) 2013 The R Foundation for Statistical Computing
Platform: x86_64-pc-linux-gnu (64-bit)

R is free software and comes with ABSOLUTELY NO WARRANTY.
You are welcome to redistribute it under certain conditions.
Type 'license()' or 'licence()' for distribution details.

  Natural language support but running in an English locale

R is a collaborative project with many contributors.
Type 'contributors()' for more information and
'citation()' on how to cite R or R packages in publications.

Type 'demo()' for some demos, 'help()' for on-line help, or
'help.start()' for an HTML browser interface to help.
Type 'q()' to quit R.

[Previously saved workspace restored]

> #########################################################
> ### A) Installing and loading required packages
> #########################################################
> library(ggplot2)
> args <- commandArgs(TRUE)
> infile <- args[1]
> print (infile)
[1] "/home/tcve/github/SMClusterAnalysis/SMClusterAccurance/afolder_clusterPresenceAbsence/t_clusterPresenceAbsence_analysis3.csv"
> 
> if (!require("gplots")) {
+    install.packages("gplots", dependencies = TRUE)
+    library(gplots)
+    }
Loading required package: gplots
KernSmooth 2.23 loaded
Copyright M. P. Wand 1997-2009

Attaching package: ‘gplots’

The following object is masked from ‘package:stats’:

    lowess

> if (!require("RColorBrewer")) {
+    install.packages("RColorBrewer", dependencies = TRUE)
+    library(RColorBrewer)
+    }
Loading required package: RColorBrewer
> 
> if (!require("reshape2")) {
+    install.packages("reshape2", dependencies = TRUE)
+    library(reshape)
+    }
Loading required package: reshape2
> if (!require("pheatmap")) {
+    install.packages("pheatmap", dependencies = TRUE)
+    library(pheatmap)
+    }
Loading required package: pheatmap
>  library(plyr)  
> #tmpdat <- read.csv("/home/tcve/github/tcve/t_antismashLoopAntismash.csv", sep=";", header=TRUE)
> tmpdat <- read.csv(infile, sep=";", header=TRUE)
> 
> subdat <- subset(tmpdat, tmpdat$q_sec=="Nigri" & tmpdat$h_sec=="Nigri" & tmpdat$q_orgname!="Aspac1" & tmpdat$h_orgname!="Aspac1", select=c(12,3,6,8)) # q_orgid, q_clustid, h_realname, clustCov
> dat <- dcast(subdat, q_orgid+q_clustid~h_realname, value.var="clustCov", fill=0, max) # WOOOOOOOOOO 
> mat <- t(data.matrix(dat[,3:ncol(dat)])) # NOTE transpose
> colnames(mat) <- dat$q_clustid
> 
> cvs <- unique(dat$q_orgid)
> cvs_color <- rainbow(length(cvs))
> ccol_stages <- sapply(dat$q_orgid, function(x) cvs_color[x==cvs])
> 
> b <- c(0,0.2,0.4,0.6,0.8,1)
> 
> pdf('/home/tcve/github/SMClusterAnalysis/SMClusterAccurance/afolder_clusterPresenceAbsence/orgs2cluster-all-cutoff-clustered-bestcand-tree.pdf')
> colfunc <- c("white"  ,"white", "white" ,"#2B8CBE","#084081")
> heatmap.2(mat, main="All nigri clusters, mostly white, clustered", dendrogram="both", trace = "none", ColSideColor=ccol_stages, Rowv=TRUE, Colv=TRUE ,col=colfunc, breaks=b, labCol=FALSE, density.info="none", margins =c(4,10))
> #pheatmap(mat, main="All nigri clusters, mostly white, clustered", show_colnames=FALSE, cluster_cols=TRUE,cluster_rows=TRUE, treeheight_col=100,color=colfunc, breaks=b, labCol=FALSE, density.info="none", margins =c(4,10))
> dev.off()
null device 
          1 
> 
> pdf('/home/tcve/github/SMClusterAnalysis/SMClusterAccurance/afolder_clusterPresenceAbsence/orgs2cluster-all-cutoff-clustered-bestcand-notree.pdf')
> colfunc <- c("white"  ,"white", "white" ,"#2B8CBE","#084081")
> heatmap.2(mat, main="All nigri clusters, mostly white, clustered", dendrogram="both", trace = "none", ColSideColor=ccol_stages, Rowv=TRUE, Colv=TRUE ,col=colfunc, breaks=b, labCol=FALSE, density.info="none", margins =c(4,10))
> #pheatmap(mat, main="All nigri clusters, mostly white, no tree, clustered", show_colnames=FALSE, cluster_cols=TRUE,cluster_rows=TRUE, treeheight_col=0,color=colfunc, breaks=b, labCol=FALSE, density.info="none", margins =c(4,10))
> dev.off()
null device 
          1 
> 
> pdf('/home/tcve/github/SMClusterAnalysis/SMClusterAccurance/afolder_clusterPresenceAbsence/orgs2cluster-all-color-clustered-bestcand.pdf')
> colfunc <- c("white"  ,"#CCEBC5", "#7BCCC4" ,"#2B8CBE","#084081")
> heatmap.2(mat, main="All nigri clusters, clustered",dendrogram="both", trace = "none", ColSideColor=ccol_stages, Rowv=TRUE, Colv=TRUE , col=colfunc, breaks=b, labCol=FALSE, density.info="none", margins =c(4,10))
> #pheatmap(mat, main="All nigri clusters, more color, clustered", show_colnames=FALSE, cluster_cols=TRUE,cluster_rows=TRUE, treeheight_col=100,color=colfunc, breaks=b, labCol=FALSE, density.info="none", margins =c(4,10))
> dev.off()
null device 
          1 
> 
> pdf('/home/tcve/github/SMClusterAnalysis/SMClusterAccurance/afolder_clusterPresenceAbsence/orgs2cluster-all-cutoff-unclustered-bestcand.pdf')
> colfunc <- c("white"  ,"white", "white" ,"#2B8CBE","#084081")
> heatmap.2(mat, main="All nigri clusters, unclustered", dendrogram="none", trace = "none", ColSideColor=ccol_stages, Rowv=FALSE, Colv=FALSE , col=colfunc, breaks=b, labCol=FALSE, density.info="none", margins =c(4,10))
> #pheatmap(mat, main="All nigri clusters, mostly white, unclustered", show_colnames=FALSE, cluster_cols=FALSE,cluster_rows=FALSE, color=colfunc, breaks=b, margins =c(4,10))
> dev.off()
null device 
          1 
> 
> # allneo <- subset(tmpdat, tmpdat$q_sec=="Nigri" & tmpdat$h_sec=="Nigri" & tmpdat$clustCov>=0.6 & tmpdat$q_orgname=="Aspneo1" & tmpdat$h_orgname!="Aspcos1") 
> # neocos <- subset(tmpdat, tmpdat$q_sec=="Nigri" & tmpdat$h_sec=="Nigri" & tmpdat$clustCov>=0.6 & tmpdat$q_orgname=="Aspneo1" & tmpdat$h_orgname=="Aspcos1") 
> # neocos <- subset(tmpdat, tmpdat$q_sec=="Nigri" & tmpdat$h_sec=="Nigri" & tmpdat$clustCov>=0.6 & tmpdat$q_orgname=="Aspneo1", select=c(12,3,6,8)) 
> 
> orgnames <- rownames(mat) 
> fish <- rep(0, length(orgnames))
> fish[match("neoniger",orgnames)] = 1
> fish[match("costaricaensis",orgnames)] = 1
> 
> 
> fish <- rep(0, length(orgnames))
> fish[match("fijiensis",orgnames)] = 1
> fish[match("brunneoviolaceus",orgnames)] = 1
> fish[match("aculeatinus",orgnames)] = 1
> 
> for ( clust in colnames(mat)) {
+ 	vec <- mat[,clust]
+ 	logical <- as.numeric(vec > 0.6)
+ 	if (paste(fish, sep="", collapse="") == paste(logical, sep="", collapse="")) {
+ 		print(clust)
+ 	}
+ }
[1] "2_320769_11"
[1] "2_324839_27"
[1] "2_350313_17"
[1] "2_386455_3"
[1] "2_400146_18"
[1] "2_402689_25"
[1] "2_420409_11"
[1] "2_433825_7"
[1] "2_471179_7"
[1] "2_471632_22"
[1] "5_351851_7"
[1] "5_393860_10"
[1] "5_435932_30"
[1] "5_455591_18"
[1] "5_458586_18"
[1] "5_469179_7"
[1] "5_503103_7"
[1] "5_518141_12"
[1] "5_518197_17"
[1] "45_383442_18"
[1] "45_393093_7"
[1] "45_421500_22"
[1] "45_427723_11"
[1] "45_435130_30"
[1] "45_435834_3"
[1] "45_446611_5"
[1] "45_449927_11"
[1] "45_481557_17"
[1] "45_502212_18"
[1] "45_513892_7"
> # colsep=c(0:length(colnames(mat))), rowsep=c(0:length(rownames(mat))),
> 
> cvs <- unique(dat$q_orgid)
> cvs_color <- rep(c("white", "grey50", "black"),length(cvs)/3)
> ccol_stages <- sapply(dat$q_orgid, function(x) cvs_color[x==cvs])
> 
> pdf('/home/tcve/github/SMClusterAnalysis/SMClusterAccurance/afolder_clusterPresenceAbsence/orgs2cluster-all-cutoff-orgclustered-bestcand-blackwhite.pdf', width=12, height=8)
> colfunc <- c("white"  ,"white", "white" ,"#2B8CBE","#084081")
> heatmap.2(mat, main="All nigri clusters, organism clustered", dendrogram="row", trace = "none", 
+ 	sepcolor="grey50",  sepwidth=c(0.001, 0.001), rowsep=c(0:length(rownames(mat))),ColSideColor=ccol_stages,
+ 	Rowv=TRUE, Colv=FALSE , col=colfunc, breaks=b, labCol=FALSE, density.info="none", margins =c(4,10),
+ 	xlab="Predicted clusters from all organisms", 
+ 	distfun = function(x) dist(x,method = 'euclidean'),
+ 	hclustfun = function(x) hclust(x,method = 'complete'))
> dev.off()
null device 
          1 
> 
> pdf('/home/tcve/github/SMClusterAnalysis/SMClusterAccurance/afolder_clusterPresenceAbsence/orgs2cluster-all-cutoff-bothclustered-bestcand-blackwhite.pdf', width=12, height=8)
> colfunc <- c("white"  ,"white", "white" ,"#2B8CBE","#084081")
> heatmap.2(mat, main="All nigri clusters, organism clustered", dendrogram="both", trace = "none", 
+ 	sepcolor="grey50",  sepwidth=c(0.001, 0.001), rowsep=c(0:length(rownames(mat))),ColSideColor=ccol_stages,
+ 	Rowv=TRUE, Colv=TRUE , col=colfunc, breaks=b, labCol=FALSE, density.info="none", margins =c(4,10),
+ 	xlab="Predicted clusters from all organisms", 
+ 	distfun = function(x) dist(x,method = 'euclidean'),
+ 	hclustfun = function(x) hclust(x,method = 'complete'))
> dev.off()
null device 
          1 
> # http://www.inside-r.org/r-doc/stats/hclust
> # http://www.inside-r.org/r-doc/stats/dist
> #pheatmap(mat, main="All nigri clusters, organism clustered", show_colnames=FALSE, cluster_cols=FALSE,cluster_rows=TRUE, treeheight_row=100,color=colfunc, breaks=b, margins =c(4,10))
> 
> 
> subdat <- subset(tmpdat, tmpdat$q_clust_size>10 & tmpdat$q_sec=="Nigri" & tmpdat$h_sec=="Nigri" & tmpdat$q_orgname!="Aspac1" & tmpdat$h_orgname!="Aspac1", select=c(12,3,6,8)) # q_orgid, q_clustid, h_realname, clustCov
> dat <- dcast(subdat, q_orgid+q_clustid~h_realname, value.var="clustCov", fill=0, max) # WOOOOOOOOOO 
> mat <- t(data.matrix(dat[,3:ncol(dat)])) # NOTE transpose
> colnames(mat) <- dat$q_clustid
> cvs <- unique(dat$q_orgid)
> cvs_color <- rainbow(length(cvs))
> ccol_stages <- sapply(dat$q_orgid, function(x) cvs_color[x==cvs])
> b <- c(0,0.2,0.4,0.6,0.8,1)
> 
> pdf('/home/tcve/github/SMClusterAnalysis/SMClusterAccurance/afolder_clusterPresenceAbsence/orgs2cluster-10-cutoff-clustered-bestcand.pdf')
> colfunc <- c("white"  ,"white", "white" ,"#2B8CBE","#084081")
> heatmap.2(mat, main="Size >10 nigri clusters, mostly white, clustered", dendrogram="both", trace = "none", ColSideColor=ccol_stages, Rowv=TRUE, Colv=TRUE ,col=colfunc, breaks=b, labCol=FALSE, density.info="none", margins =c(4,10))
> #pheatmap(mat, main="Size >10 nigri clusters, mostly white, clustered", annotation_colors=ccol_stages, show_colnames=FALSE, cluster_cols=TRUE,cluster_rows=TRUE, treeheight_row=100,color=colfunc, breaks=b, margins =c(4,10))
> dev.off()
null device 
          1 
> 
> pdf('/home/tcve/github/SMClusterAnalysis/SMClusterAccurance/afolder_clusterPresenceAbsence/orgs2cluster-10-range-clustered-bestcand.pdf')
> colfunc <- c("white"  ,"#CCEBC5", "#7BCCC4" ,"#2B8CBE","#084081")
> heatmap.2(mat, main="Size >10 nigri clusters, clustered",dendrogram="both", trace = "none", ColSideColor=ccol_stages, Rowv=TRUE, Colv=TRUE , col=colfunc, breaks=b, labCol=FALSE, density.info="none", margins =c(4,10))
> dev.off()
null device 
          1 
> 
> pdf('/home/tcve/github/SMClusterAnalysis/SMClusterAccurance/afolder_clusterPresenceAbsence/orgs2cluster-10-cutoff-unclustered-bestcand.pdf')
> colfunc <- c("white"  ,"white", "white" ,"#2B8CBE","#084081")
> heatmap.2(mat, main="Size >10 nigri clusters, unclustered", dendrogram="none", trace = "none", ColSideColor=ccol_stages, Rowv=FALSE, Colv=FALSE , col=colfunc, breaks=b, labCol=FALSE, density.info="none", margins =c(4,10))
> dev.off()
null device 
          1 
> 
> pdf('/home/tcve/github/SMClusterAnalysis/SMClusterAccurance/afolder_clusterPresenceAbsence/orgs2cluster-10-cutoff-orgclustered-bestcand.pdf')
> colfunc <- c("white"  ,"white", "white" ,"#2B8CBE","#084081")
> heatmap.2(mat, main="Size >10 nigri clusters, organism clustered", dendrogram="row", trace = "none", ColSideColor=ccol_stages, Rowv=TRUE, Colv=FALSE , col=colfunc, breaks=b, labCol=FALSE, density.info="none", margins =c(4,10))
> dev.off()
null device 
          1 
> 
> 
> orgdat <- subset(tmpdat, tmpdat$q_sec=="Nigri" & tmpdat$h_sec=="Nigri" & tmpdat$q_orgname!="Aspac1" & tmpdat$h_orgname!="Aspac1") # q_orgid, q_clustid, h_realname, clustCov
> 
> for (s in unique(orgdat$q_orgname)) {
+ 	filename = paste("/home/tcve/github/SMClusterAnalysis/SMClusterAccurance/afolder_clusterPresenceAbsence/orgs2cluster-clustered-bestcand_", s, ".pdf", sep="")
+ 	title = paste("Sec. met. clusters, mostly white, clustered, clusters from ", s,  sep="")
+ 
+ 	subdat <- subset(orgdat, orgdat$q_orgname==s, select=c(12,3,6,8)) # q_orgid, q_clustid, h_realname, clustCov
+ 
+ 	#subdat <- subset(tmpdat, tmpdat$q_realname=='fumigatus Af293' & tmpdat$q_sec=="Nigri" & tmpdat$h_sec=="Nigri", select=c(12,3,6,8)) # q_orgid, q_clustid, h_realname, clustCov
+ 
+ 	dat <- dcast(subdat, q_orgid+q_clustid~h_realname, value.var="clustCov", fill=0, max) # WOOOOOOOOOO 
+ 	mat <- t(data.matrix(dat[,3:ncol(dat)])) # NOTE transpose
+ 	colnames(mat) <- dat$q_clustid
+ 	cvs <- unique(dat$q_orgid)
+ 	cvs_color <- rainbow(length(cvs))
+ 	ccol_stages <- sapply(dat$q_orgid, function(x) cvs_color[x==cvs])
+ 	b <- c(0,0.2,0.4,0.6,0.8,1)
+ 	#heatmap.2(mat, main=title, dendrogram="both", trace = "none", ColSideColor=ccol_stages, Rowv=TRUE, Colv=TRUE ,col=colfunc, breaks=b, labCol=FALSE, density.info="none", margins =c(4,10))
+ 
+ 	pdf(filename)
+ 	colfunc <- c("white"  ,"white", "white" ,"#2B8CBE","#084081")
+ 	heatmap.2(mat, main=title, dendrogram="both", trace = "none", ColSideColor=ccol_stages, Rowv=TRUE, Colv=TRUE ,col=colfunc, breaks=b, labCol=FALSE, density.info="none", margins =c(4,10))
+ 	dev.off()
+ }
> 
> 	# pdf('/home/tcve/github/SMClusterAnalysis/SMClusterAccurance/afolder_clusterPresenceAbsence/orgs2cluster-10-range-clustered-bestcand.pdf')
> 	# colfunc <- c("white"  ,"#CCEBC5", "#7BCCC4" ,"#2B8CBE","#084081")
> 	# heatmap.2(mat, main="Size >10 nigri clusters, clustered",dendrogram="both", trace = "none", ColSideColor=ccol_stages, Rowv=TRUE, Colv=TRUE , col=colfunc, breaks=b, labCol=FALSE, density.info="none", margins =c(4,10))
> 	# dev.off()
> 
> 	# pdf('/home/tcve/github/SMClusterAnalysis/SMClusterAccurance/afolder_clusterPresenceAbsence/orgs2cluster-10-cutoff-unclustered-bestcand.pdf')
> 	# colfunc <- c("white"  ,"white", "white" ,"#2B8CBE","#084081")
> 	# heatmap.2(mat, main="Size >10 nigri clusters, unclustered", dendrogram="none", trace = "none", ColSideColor=ccol_stages, Rowv=FALSE, Colv=FALSE , col=colfunc, breaks=b, labCol=FALSE, density.info="none", margins =c(4,10))
> 	# dev.off()
> 
> 	# pdf('/home/tcve/github/SMClusterAnalysis/SMClusterAccurance/afolder_clusterPresenceAbsence/orgs2cluster-10-cutoff-orgclustered-bestcand.pdf')
> 	# colfunc <- c("white"  ,"white", "white" ,"#2B8CBE","#084081")
> 	# heatmap.2(mat, main="Size >10 nigri clusters, organism clustered", dendrogram="row", trace = "none", ColSideColor=ccol_stages, Rowv=TRUE, Colv=FALSE , col=colfunc, breaks=b, labCol=FALSE, density.info="none", margins =c(4,10))
> 	# dev.off()
> 
> 
> 	# filename = paste("aalength_histogram_section_", s, ".pdf", sep="")
> 	# title = paste("Histograms, binwidth 100 amino acids, plot per organism, section ", s,  sep="")
> 	# a <- ggplot(set, aes(x=len, fill=section)) 
> 	# a <- a + geom_bar(binwidth=100) + facet_grid(~name) + xlim(0,2000) + theme(axis.text.x = element_text(angle = 90, hjust = 1))
> 	# a <- a + labs(title = title, x = "Organisms, alphabetically", y = "Protein counts") 
> 	# ggsave(plot = a, file=filename, width=12+length(unique(set$org_id)), height=12, limitsize=FALSE)
> 
> 	# filename = paste("aalength_boxplots_section_", s, ".pdf", sep="")
> 	# title = paste("Boxplot, orderd by median length, plot per organism, section ", s,  sep="")
> 	# b <- ggplot(set, aes(y=len, x=reorder(name, len, FUN=median))) 
> 	# b <- b + geom_boxplot() + coord_flip() 
> 	# b <- b + labs(title = title, x = "Organisms, ordered by median", y = "protein lengths") 
> 	# ggsave(plot = b, file=filename, height=12+length(unique(set$org_id)), width=12, limitsize=FALSE)
> }
Error: unexpected '}' in "}"
Execution halted
