
R version 3.1.1 (2014-07-10) -- "Sock it to Me"
Copyright (C) 2014 The R Foundation for Statistical Computing
Platform: x86_64-pc-linux-gnu (64-bit)

R is free software and comes with ABSOLUTELY NO WARRANTY.
You are welcome to redistribute it under certain conditions.
Type 'license()' or 'licence()' for distribution details.

  Natural language support but running in an English locale

R is a collaborative project with many contributors.
Type 'contributors()' for more information and
'citation()' on how to cite R or R packages in publications.

Type 'demo()' for some demos, 'help()' for on-line help, or
'help.start()' for an HTML browser interface to help.
Type 'q()' to quit R.

[Previously saved workspace restored]

> require("ggplot2")
Loading required package: ggplot2
> require("reshape")
Loading required package: reshape
> require("gplots")
Loading required package: gplots
KernSmooth 2.23 loaded
Copyright M. P. Wand 1997-2009

Attaching package: ‘gplots’

The following object is masked from ‘package:stats’:

    lowess

> require("RColorBrewer")
Loading required package: RColorBrewer
> require("argparse")
Loading required package: argparse
Loading required package: proto
> 
> args <- commandArgs(TRUE)
> infile <- args[1]
> print(infile)
[1] "testing.csv"
> description <- args[2:4] # Contains section, cutoff1 and cutoff 2
> print(description)
[1] "Nigri" "70.0"  "10"   
> tmpdat=read.csv(infile, header = FALSE)
> #subdat <- subset(tmpdat, tmpdat$V8=="Nigri" & tmpdat$V9=="Nigri", select=c(3,4,10))
> subdat <- tmpdat #[order(tmpdat$V1, tmpdat$V2), ]
> 
> #aggregate(subdat$V3, list(org=subdat$V1), max) # Find max values for each cluster to normalize
> 
> #x <- barplot(as.matrix(tmpdat$V10), xaxt='n' , ylab= "Number of best hits inside one gene cluster", main='Distribution of gc-members throughout different genomes', sub='Gene Cluster (clust_id: 22_1079950_32)')
> #text(cex=.6, x=x-1, y=-2, names(tmpdat) , xpd=TRUE, srt=45) # for rotated x-labels, put xaxt='n' into plot when in use!
> 
> 
> #qplot(tmpdat$V10, ..density.., data=tmpdat, geom="density", fill=tmpdat$V3, position="stack")
> 
> pdf('density_orgs.pdf')
> m<- ggplot(subdat, aes(x=subdat$V3))
> p<- m + geom_density(aes(fill=factor(subdat$V1)), size=2, alpha=0.3) #+ coord_cartesian(xlim=c(0, 20))
> print(p)
> dev.off()
null device 
          1 
> 
> dat <- cast(tmpdat, V1~V2)
Using V3 as value column.  Use the value argument to cast to override this choice
> 
> mat <- data.matrix(dat)
> rownames(mat) <- dat[,1]
> mat <- mat[,-1]
> 
> mat[is.na(mat)] <- 0
> 
> 
> #my_palette <- colorRampPalette(c("yellow", "red"))(n = 1000) # for costum colors
> b <- c(0,0.2,0.4,0.6,0.8,1)*100
> 
> colfunc <- c("white"  ,"#74A9CF", "#3690C0" ,"#0570B0","#045A8D")
> #colfunc <- c("white"  ,"white", "white" ,"#2B8CBE","#084081")
> pdf('map_orgs.pdf')
> heatmap.2(mat,
+         main = paste0("HM of section"," ",description[1], "\n", "with more than ", description[2],'% of members \n and at least ', description[3], " members"),
+         dendrogram="none",
+         trace = "none",
+         na.color ="white",
+         col=colfunc,
+         Rowv=NA,
+         Colv=NA
+         srtRow = 45,
Error: unexpected symbol in:
"        Colv=NA
        srtRow"
Execution halted
